<html>
<body>
<pre>
<h1>µVision Build Log</h1>
<h2>Tool Versions:</h2>
IDE-Version: ¦ÌVision V5.14.0.0
Copyright (C) 2015 ARM Ltd and ARM Germany GmbH. All rights reserved.
License Information: 123 123, 123, LIC=LSNRA-10KAH-Z8EFH-W4SS6-2BWKA-FDEDC
 
Tool Versions:
Toolchain:       MDK-ARM Standard  Version: 5.14.0.0
Toolchain Path:  C:\Keil_v5\ARM\ARMCC\Bin
C Compiler:      Armcc.exe V5.05 update 1 (build 106)
Assembler:       Armasm.exe V5.05 update 1 (build 106)
Linker/Locator:  ArmLink.exe V5.05 update 1 (build 106)
Library Manager: ArmAr.exe V5.05 update 1 (build 106)
Hex Converter:   FromElf.exe V5.05 update 1 (build 106)
CPU DLL:         SARMCM3.DLL V5.14.0.0
Dialog DLL:      DCM.DLL V1.13.1.0
Target DLL:      Segger\JL2CM3.dll V2.99.13.0
Dialog DLL:      TCM.DLL V1.14.4.0
 
<h2>Project:</h2>
C:\Users\Meekdai\Documents\GitHub\STM32-GRBL\main.uvprojx
Project File Date:  06/04/2015

<h2>Output:</h2>
Build target 'Target 1'
compiling core_cm3.c...
compiling system_stm32f10x.c...
assembling startup_stm32f10x_hd.s...
compiling main.c...
compiling stm32f10x_it.c...
compiling gpio.c...
compiling usart.c...
compiling delay.c...
compiling eeprom.c...
compiling tim.c...
compiling pwm.c...
compiling coolant_control.c...
compiling gcode.c...
compiling limits.c...
compiling motion_control.c...
compiling nuts_bolts.c...
compiling planner.c...
compiling print.c...
compiling protocol.c...
compiling report.c...
compiling serial.c...
compiling settings.c...
compiling spindle_control.c...
compiling stepper.c...
user\cnc\stepper.c(783): warning:  #61-D: integer operation result is out of range
    st.cycles_per_step_event = config_step_timer((TICKS_PER_MICROSECOND*1000000*60)/steps_per_minute);
user\cnc\stepper.c: 1 warning, 0 errors
compiling eepromavr.c...
linking...
Program Size: Code=35336 RO-data=1088 RW-data=104 ZI-data=3024  
".\out\main.axf" - 0 Error(s), 1 Warning(s).

<h2>Collection of Component include folders:</h2>
  C:\Users\Meekdai\Documents\GitHub\STM32-GRBL\RTE
  C:\Keil_v5\ARM\PACK\Keil\STM32F1xx_DFP\1.1.0\Device\Include

<h2>Collection of Component Files used:</h2>
</pre>
</body>
</html>
